[cognizant.taleo.net/careersection/iam/accessmanagement/login8613.html]
[backblue.gif]
[fade.gif]
[index.html]
[cognizant.taleo.net/careersection/2023PRD.4.0.28.3.0/akira/pub/js/akira-corec.js]
[cognizant.taleo.net/careersection/2023PRD.4.0.28.3.0/akira/pub/js/calendar-resources.js]
[cognizant.taleo.net/careersection/2023PRD.4.0.28.3.0/js/common/jquery.min.js]
[cognizant.taleo.net/careersection/theme/2181/1140729137450/en/theme/images/cognizant-logo.png]
[cognizant.taleo.net/careersection/theme/2181/1140729137450/en/theme/images/globe.jpg]
[cognizant.taleo.net/careersection/2023PRD.4.0.28.3.0/js/mobile.js]
[cognizant.taleo.net/careersection/2023PRD.4.0.28.3.0/js/integration/iframes_communication.js]
[cognizant.taleo.net/careersection/2023PRD.4.0.28.3.0/js/integration/candidate_data_handler.js]
[cognizant.taleo.net/careersection/2023PRD.4.0.28.3.0/iam/js/iamuser.js]
[cognizant.taleo.net/careersection/2023PRD.4.0.28.3.0/images/i_red_star.gif]
[cognizant.taleo.net/careersection/iam/accessmanagement/forgotPasswordAccessCodee049.html]
[cognizant.taleo.net/careersection/theme/2181/1140729137450/en/theme/images/link.png]
[cognizant.taleo.net/careersection/theme/2181/1140729137450/en/theme/images/twit.png]
[cognizant.taleo.net/careersection/theme/2181/1140729137450/en/theme/images/face.png]
[cognizant.taleo.net/careersection/theme/2181/1140729137450/en/theme/images/feedicon.png]
[cognizant.taleo.net/careersection/iam/accessmanagement/login8613.html]
[cognizant.taleo.net/careersection/2023PRD.4.0.28.3.0/images/i_large_admin_portal.gif]
[cognizant.taleo.net/careersection/2023PRD.4.0.28.3.0/images/careersection_48.png]
[cognizant.taleo.net/careersection/2023PRD.4.0.28.3.0/images/careersection_32.png]
[cognizant.taleo.net/careersection/2023PRD.4.0.28.3.0/akirax/images/config_bullet_16.png]
[cognizant.taleo.net/careersection/2023PRD.4.0.28.3.0/akirax/images/ico_moveUp.png]
[cognizant.taleo.net/careersection/2023PRD.4.0.28.3.0/akirax/images/ico_moveDown.png]
[cognizant.taleo.net/careersection/2023PRD.4.0.28.3.0/images/ico-remove.png]
[cognizant.taleo.net/careersection/2023PRD.4.0.28.3.0/images/highlight_img.gif]
[cognizant.taleo.net/careersection/2023PRD.4.0.28.3.0/images/callout.gif]
[cognizant.taleo.net/careersection/2023PRD.4.0.28.3.0/images/magnifier.gif]
[cognizant.taleo.net/careersection/2023PRD.4.0.28.3.0/images/shim.gif]
[cognizant.taleo.net/careersection/2023PRD.4.0.28.3.0/images/balloon_top.gif]
[cognizant.taleo.net/careersection/2023PRD.4.0.28.3.0/images/balloon_middle.gif]
[cognizant.taleo.net/careersection/2023PRD.4.0.28.3.0/images/balloon_bottom.gif]
[cognizant.taleo.net/careersection/2023PRD.4.0.28.3.0/images/balloonTipBottom.gif]
[cognizant.taleo.net/careersection/2023PRD.4.0.28.3.0/images/balloonTipTop.gif]
[cognizant.taleo.net/careersection/2023PRD.4.0.28.3.0/images/ptArrowL-off.gif]
[cognizant.taleo.net/careersection/2023PRD.4.0.28.3.0/images/ptArrowR-off.gif]
[cognizant.taleo.net/careersection/2023PRD.4.0.28.3.0/images/balloonTipBottomR.png]
[cognizant.taleo.net/careersection/2023PRD.4.0.28.3.0/images/balloonTop.png]
[cognizant.taleo.net/careersection/2023PRD.4.0.28.3.0/images/balloonMiddle.png]
[cognizant.taleo.net/careersection/2023PRD.4.0.28.3.0/images/balloonBottom.png]
[cognizant.taleo.net/careersection/2023PRD.4.0.28.3.0/akirax/images/i_small_user_defined_forms.gif]
[cognizant.taleo.net/careersection/2023PRD.4.0.28.3.0/images/i_large_document.gif]
[cognizant.taleo.net/careersection/2023PRD.4.0.28.3.0/images/menuarrow.gif]
[cognizant.taleo.net/careersection/2023PRD.4.0.28.3.0/images/smallDownArrow.gif]
[cognizant.taleo.net/careersection/2023PRD.4.0.28.3.0/css/careersection_all.css]
[cognizant.taleo.net/careersection/theme/2181/1140729137450/en/theme/images/sprite.png]
[cognizant.taleo.net/careersection/theme/2181/1140729137450/en/theme/images/banner-v3.jpg]
[cognizant.taleo.net/careersection/theme/2181/1140729137450/en/theme/images/ico-cart.png]
[cognizant.taleo.net/careersection/theme/2181/1140729137450/en/theme/images/cart_white.gif]
[cognizant.taleo.net/careersection/theme/2181/1140729137450/en/theme/images/arr_down.png]
[cognizant.taleo.net/careersection/theme/2181/1140729137450/en/theme/images/cart_black.gif]
[cognizant.taleo.net/careersection/theme/2181/1140729137450/en/theme/css/main.css]
[cognizant.taleo.net/careersection/iam/accessmanagement/forgotPasswordAccessCodee049.html]
[cognizant.taleo.net/careersection/2023PRD.4.0.28.3.0/images/balloonTipTopR.html]
[cognizant.taleo.net/careersection/iam/accessmanagement/forgotPasswordAccessCode8d9c.html]
[cognizant.taleo.net/careersection/iam/accessmanagement/forgotPasswordAccessCode8d9c.html]
